<?php return array (
  0 => 'Symfony\\Bundle\\FrameworkBundle\\Controller\\AbstractController',
  1 => 'Symfony\\Bundle\\FrameworkBundle\\Controller\\Controller',
  2 => 'Doctrine\\Bundle\\DoctrineBundle\\Controller\\ProfilerController',
  3 => 'Doctrine\\ORM\\Cache\\Persister\\Entity\\AbstractEntityPersister',
  4 => 'Doctrine\\ORM\\Cache\\Persister\\Entity\\CachedEntityPersister',
  5 => 'Doctrine\\ORM\\Cache\\Persister\\Entity\\NonStrictReadWriteCachedEntityPersister',
  6 => 'Doctrine\\ORM\\Cache\\Persister\\Entity\\ReadOnlyCachedEntityPersister',
  7 => 'Doctrine\\ORM\\Cache\\Persister\\Entity\\ReadWriteCachedEntityPersister',
  8 => 'Doctrine\\ORM\\Persisters\\Entity\\AbstractEntityInheritancePersister',
  9 => 'Doctrine\\ORM\\Persisters\\Entity\\BasicEntityPersister',
  10 => 'Doctrine\\ORM\\Persisters\\Entity\\CachedPersisterContext',
  11 => 'Doctrine\\ORM\\Persisters\\Entity\\EntityPersister',
  12 => 'Doctrine\\ORM\\Persisters\\Entity\\JoinedSubclassPersister',
  13 => 'Doctrine\\ORM\\Persisters\\Entity\\SingleTablePersister',
  14 => 'FOS\\JsRoutingBundle\\Controller\\Controller',
  15 => 'PrestaShopBundle\\Controller\\Admin\\AddonsController',
  16 => 'PrestaShopBundle\\Controller\\Admin\\AttachementProductController',
  17 => 'PrestaShopBundle\\Controller\\Admin\\AttributeController',
  18 => 'PrestaShopBundle\\Controller\\Admin\\CategoryController',
  19 => 'PrestaShopBundle\\Controller\\Admin\\CombinationController',
  20 => 'PrestaShopBundle\\Controller\\Admin\\CommonController',
  21 => 'PrestaShopBundle\\Controller\\Admin\\Configure\\AdvancedParameters\\AdministrationController',
  22 => 'PrestaShopBundle\\Controller\\Admin\\Configure\\AdvancedParameters\\BackupController',
  23 => 'PrestaShopBundle\\Controller\\Admin\\Configure\\AdvancedParameters\\EmailController',
  24 => 'PrestaShopBundle\\Controller\\Admin\\Configure\\AdvancedParameters\\EmployeeController',
  25 => 'PrestaShopBundle\\Controller\\Admin\\Configure\\AdvancedParameters\\ImportController',
  26 => 'PrestaShopBundle\\Controller\\Admin\\Configure\\AdvancedParameters\\ImportDataConfigurationController',
  27 => 'PrestaShopBundle\\Controller\\Admin\\Configure\\AdvancedParameters\\LogsController',
  28 => 'PrestaShopBundle\\Controller\\Admin\\Configure\\AdvancedParameters\\MemcacheServerController',
  29 => 'PrestaShopBundle\\Controller\\Admin\\Configure\\AdvancedParameters\\PerformanceController',
  30 => 'PrestaShopBundle\\Controller\\Admin\\Configure\\AdvancedParameters\\ProfileController',
  31 => 'PrestaShopBundle\\Controller\\Admin\\Configure\\AdvancedParameters\\SqlManagerController',
  32 => 'PrestaShopBundle\\Controller\\Admin\\Configure\\AdvancedParameters\\SystemInformationController',
  33 => 'PrestaShopBundle\\Controller\\Admin\\Configure\\AdvancedParameters\\WebserviceController',
  34 => 'PrestaShopBundle\\Controller\\Admin\\Configure\\ShopParameters\\ContactsController',
  35 => 'PrestaShopBundle\\Controller\\Admin\\Configure\\ShopParameters\\CustomerPreferencesController',
  36 => 'PrestaShopBundle\\Controller\\Admin\\Configure\\ShopParameters\\MaintenanceController',
  37 => 'PrestaShopBundle\\Controller\\Admin\\Configure\\ShopParameters\\MetaController',
  38 => 'PrestaShopBundle\\Controller\\Admin\\Configure\\ShopParameters\\OrderPreferencesController',
  39 => 'PrestaShopBundle\\Controller\\Admin\\Configure\\ShopParameters\\PreferencesController',
  40 => 'PrestaShopBundle\\Controller\\Admin\\Configure\\ShopParameters\\ProductPreferencesController',
  41 => 'PrestaShopBundle\\Controller\\Admin\\Configure\\ShowcaseCardController',
  42 => 'PrestaShopBundle\\Controller\\Admin\\ErrorController',
  43 => 'PrestaShopBundle\\Controller\\Admin\\FeatureController',
  44 => 'PrestaShopBundle\\Controller\\Admin\\FrameworkBundleAdminController',
  45 => 'PrestaShopBundle\\Controller\\Admin\\Improve\\Design\\CmsPageController',
  46 => 'PrestaShopBundle\\Controller\\Admin\\Improve\\Design\\MailThemeController',
  47 => 'PrestaShopBundle\\Controller\\Admin\\Improve\\Design\\PositionsController',
  48 => 'PrestaShopBundle\\Controller\\Admin\\Improve\\Design\\ThemeCatalogController',
  49 => 'PrestaShopBundle\\Controller\\Admin\\Improve\\Design\\ThemeController',
  50 => 'PrestaShopBundle\\Controller\\Admin\\Improve\\International\\CurrencyController',
  51 => 'PrestaShopBundle\\Controller\\Admin\\Improve\\International\\GeolocationController',
  52 => 'PrestaShopBundle\\Controller\\Admin\\Improve\\International\\LanguageController',
  53 => 'PrestaShopBundle\\Controller\\Admin\\Improve\\International\\LocalizationController',
  54 => 'PrestaShopBundle\\Controller\\Admin\\Improve\\International\\StateController',
  55 => 'PrestaShopBundle\\Controller\\Admin\\Improve\\International\\TaxController',
  56 => 'PrestaShopBundle\\Controller\\Admin\\Improve\\International\\TaxRulesGroupController',
  57 => 'PrestaShopBundle\\Controller\\Admin\\Improve\\ModuleController',
  58 => 'PrestaShopBundle\\Controller\\Admin\\Improve\\Modules\\AddonsStoreController',
  59 => 'PrestaShopBundle\\Controller\\Admin\\Improve\\Modules\\AlertsController',
  60 => 'PrestaShopBundle\\Controller\\Admin\\Improve\\Modules\\ModuleAbstractController',
  61 => 'PrestaShopBundle\\Controller\\Admin\\Improve\\Modules\\UpdatesController',
  62 => 'PrestaShopBundle\\Controller\\Admin\\Improve\\Payment\\PaymentMethodsController',
  63 => 'PrestaShopBundle\\Controller\\Admin\\Improve\\Payment\\PaymentPreferencesController',
  64 => 'PrestaShopBundle\\Controller\\Admin\\Improve\\Shipping\\PreferencesController',
  65 => 'PrestaShopBundle\\Controller\\Admin\\ProductController',
  66 => 'PrestaShopBundle\\Controller\\Admin\\ProductImageController',
  67 => 'PrestaShopBundle\\Controller\\Admin\\SecurityController',
  68 => 'PrestaShopBundle\\Controller\\Admin\\Sell\\Address\\AddressController',
  69 => 'PrestaShopBundle\\Controller\\Admin\\Sell\\Catalog\\AttachmentController',
  70 => 'PrestaShopBundle\\Controller\\Admin\\Sell\\Catalog\\AttributeController',
  71 => 'PrestaShopBundle\\Controller\\Admin\\Sell\\Catalog\\AttributeGroupController',
  72 => 'PrestaShopBundle\\Controller\\Admin\\Sell\\Catalog\\CartRuleController',
  73 => 'PrestaShopBundle\\Controller\\Admin\\Sell\\Catalog\\CatalogPriceRuleController',
  74 => 'PrestaShopBundle\\Controller\\Admin\\Sell\\Catalog\\CategoryController',
  75 => 'PrestaShopBundle\\Controller\\Admin\\Sell\\Catalog\\FeatureController',
  76 => 'PrestaShopBundle\\Controller\\Admin\\Sell\\Catalog\\ManufacturerController',
  77 => 'PrestaShopBundle\\Controller\\Admin\\Sell\\Catalog\\MonitoringController',
  78 => 'PrestaShopBundle\\Controller\\Admin\\Sell\\Catalog\\SupplierController',
  79 => 'PrestaShopBundle\\Controller\\Admin\\Sell\\CustomerService\\CustomerThreadController',
  80 => 'PrestaShopBundle\\Controller\\Admin\\Sell\\CustomerService\\MerchandiseReturnController',
  81 => 'PrestaShopBundle\\Controller\\Admin\\Sell\\CustomerService\\OrderMessageController',
  82 => 'PrestaShopBundle\\Controller\\Admin\\Sell\\Customer\\CustomerController',
  83 => 'PrestaShopBundle\\Controller\\Admin\\Sell\\Order\\ActionsBarButton',
  84 => 'PrestaShopBundle\\Controller\\Admin\\Sell\\Order\\ActionsBarButtonInterface',
  85 => 'PrestaShopBundle\\Controller\\Admin\\Sell\\Order\\ActionsBarButtonsCollection',
  86 => 'PrestaShopBundle\\Controller\\Admin\\Sell\\Order\\CartController',
  87 => 'PrestaShopBundle\\Controller\\Admin\\Sell\\Order\\CreditSlipController',
  88 => 'PrestaShopBundle\\Controller\\Admin\\Sell\\Order\\DeliveryController',
  89 => 'PrestaShopBundle\\Controller\\Admin\\Sell\\Order\\InvoicesController',
  90 => 'PrestaShopBundle\\Controller\\Admin\\Sell\\Order\\OrderController',
  91 => 'PrestaShopBundle\\Controller\\Admin\\SpecificPriceController',
  92 => 'PrestaShopBundle\\Controller\\Admin\\StockController',
  93 => 'PrestaShopBundle\\Controller\\Admin\\SupplierController',
  94 => 'PrestaShopBundle\\Controller\\Admin\\TranslationsController',
  95 => 'PrestaShopBundle\\Controller\\Admin\\VirtualProductController',
  96 => 'PrestaShopBundle\\Controller\\Admin\\WarehouseController',
  97 => 'PrestaShopBundle\\Controller\\Api\\ApiController',
  98 => 'PrestaShopBundle\\Controller\\Api\\AttributeController',
  99 => 'PrestaShopBundle\\Controller\\Api\\CategoryController',
  100 => 'PrestaShopBundle\\Controller\\Api\\FeatureController',
  101 => 'PrestaShopBundle\\Controller\\Api\\I18nController',
  102 => 'PrestaShopBundle\\Controller\\Api\\Improve\\Design\\PositionsController',
  103 => 'PrestaShopBundle\\Controller\\Api\\ManufacturerController',
  104 => 'PrestaShopBundle\\Controller\\Api\\StockController',
  105 => 'PrestaShopBundle\\Controller\\Api\\StockMovementController',
  106 => 'PrestaShopBundle\\Controller\\Api\\SupplierController',
  107 => 'PrestaShopBundle\\Controller\\Api\\TranslationController',
  108 => 'PrestaShopBundle\\Controller\\ArgumentResolver\\FiltersBuilderResolver',
  109 => 'PrestaShopBundle\\Controller\\ArgumentResolver\\SearchParametersResolver',
  110 => 'PrestaShopBundle\\Entity\\AdminFilter',
  111 => 'PrestaShopBundle\\Entity\\Attribute',
  112 => 'PrestaShopBundle\\Entity\\AttributeGroup',
  113 => 'PrestaShopBundle\\Entity\\AttributeGroupLang',
  114 => 'PrestaShopBundle\\Entity\\AttributeLang',
  115 => 'PrestaShopBundle\\Entity\\Lang',
  116 => 'PrestaShopBundle\\Entity\\ModuleHistory',
  117 => 'PrestaShopBundle\\Entity\\ProductDownload',
  118 => 'PrestaShopBundle\\Entity\\ProductIdentity',
  119 => 'PrestaShopBundle\\Entity\\Repository\\AdminFilterRepository',
  120 => 'PrestaShopBundle\\Entity\\Repository\\AttributeGroupLangRepository',
  121 => 'PrestaShopBundle\\Entity\\Repository\\AttributeGroupRepository',
  122 => 'PrestaShopBundle\\Entity\\Repository\\AttributeLangRepository',
  123 => 'PrestaShopBundle\\Entity\\Repository\\AttributeRepository',
  124 => 'PrestaShopBundle\\Entity\\Repository\\CategoryRepository',
  125 => 'PrestaShopBundle\\Entity\\Repository\\FeatureAttributeRepository',
  126 => 'PrestaShopBundle\\Entity\\Repository\\ImportMatchRepository',
  127 => 'PrestaShopBundle\\Entity\\Repository\\LangRepository',
  128 => 'PrestaShopBundle\\Entity\\Repository\\LogRepository',
  129 => 'PrestaShopBundle\\Entity\\Repository\\ManufacturerRepository',
  130 => 'PrestaShopBundle\\Entity\\Repository\\ModuleRepository',
  131 => 'PrestaShopBundle\\Entity\\Repository\\NormalizeFieldTrait',
  132 => 'PrestaShopBundle\\Entity\\Repository\\OrderInvoiceRepository',
  133 => 'PrestaShopBundle\\Entity\\Repository\\RequestSqlRepository',
  134 => 'PrestaShopBundle\\Entity\\Repository\\ShopGroupRepository',
  135 => 'PrestaShopBundle\\Entity\\Repository\\ShopRepository',
  136 => 'PrestaShopBundle\\Entity\\Repository\\StockManagementRepository',
  137 => 'PrestaShopBundle\\Entity\\Repository\\StockMovementRepository',
  138 => 'PrestaShopBundle\\Entity\\Repository\\StockRepository',
  139 => 'PrestaShopBundle\\Entity\\Repository\\SupplierRepository',
  140 => 'PrestaShopBundle\\Entity\\Repository\\TabLangRepository',
  141 => 'PrestaShopBundle\\Entity\\Repository\\TabRepository',
  142 => 'PrestaShopBundle\\Entity\\Repository\\TimezoneRepository',
  143 => 'PrestaShopBundle\\Entity\\Repository\\TranslationRepository',
  144 => 'PrestaShopBundle\\Entity\\Shop',
  145 => 'PrestaShopBundle\\Entity\\ShopGroup',
  146 => 'PrestaShopBundle\\Entity\\StockMvt',
  147 => 'PrestaShopBundle\\Entity\\Tab',
  148 => 'PrestaShopBundle\\Entity\\TabLang',
  149 => 'PrestaShopBundle\\Entity\\Translation',
  150 => 'PrestaShop\\Module\\LinkList\\Controller\\Admin\\Improve\\Design\\LinkBlockController',
  151 => 'PrestaShop\\Module\\ProductComment\\Entity\\ProductComment',
  152 => 'PrestaShop\\Module\\ProductComment\\Entity\\ProductCommentCriterion',
  153 => 'PrestaShop\\Module\\ProductComment\\Entity\\ProductCommentGrade',
  154 => 'PrestaShop\\Module\\ProductComment\\Entity\\ProductCommentReport',
  155 => 'PrestaShop\\Module\\ProductComment\\Entity\\ProductCommentUsefulness',
  156 => 'PrestaShop\\PrestaShop\\Core\\Import\\Entity\\ImportEntityDeleterInterface',
  159 => 'Symfony\\Bundle\\FrameworkBundle\\Controller\\ControllerNameParser',
  160 => 'Symfony\\Bundle\\FrameworkBundle\\Controller\\ControllerResolver',
  161 => 'Symfony\\Bundle\\FrameworkBundle\\Controller\\ControllerTrait',
  162 => 'Symfony\\Bundle\\FrameworkBundle\\Controller\\RedirectController',
  163 => 'Symfony\\Bundle\\FrameworkBundle\\Controller\\TemplateController',
  164 => 'Symfony\\Bundle\\TwigBundle\\Controller\\ExceptionController',
  165 => 'Symfony\\Bundle\\TwigBundle\\Controller\\PreviewErrorController',
  166 => 'Symfony\\Bundle\\WebProfilerBundle\\Controller\\ExceptionController',
  167 => 'Symfony\\Bundle\\WebProfilerBundle\\Controller\\ProfilerController',
  168 => 'Symfony\\Bundle\\WebProfilerBundle\\Controller\\RouterController',
  169 => 'Symfony\\Component\\HttpKernel\\Controller\\ArgumentResolver',
  170 => 'Symfony\\Component\\HttpKernel\\Controller\\ArgumentResolverInterface',
  171 => 'Symfony\\Component\\HttpKernel\\Controller\\ArgumentResolver\\DefaultValueResolver',
  172 => 'Symfony\\Component\\HttpKernel\\Controller\\ArgumentResolver\\RequestAttributeValueResolver',
  173 => 'Symfony\\Component\\HttpKernel\\Controller\\ArgumentResolver\\RequestValueResolver',
  174 => 'Symfony\\Component\\HttpKernel\\Controller\\ArgumentResolver\\ServiceValueResolver',
  175 => 'Symfony\\Component\\HttpKernel\\Controller\\ArgumentResolver\\SessionValueResolver',
  176 => 'Symfony\\Component\\HttpKernel\\Controller\\ArgumentResolver\\VariadicValueResolver',
  177 => 'Symfony\\Component\\HttpKernel\\Controller\\ArgumentValueResolverInterface',
  178 => 'Symfony\\Component\\HttpKernel\\Controller\\ContainerControllerResolver',
  179 => 'Symfony\\Component\\HttpKernel\\Controller\\ControllerReference',
  180 => 'Symfony\\Component\\HttpKernel\\Controller\\ControllerResolver',
  181 => 'Symfony\\Component\\HttpKernel\\Controller\\ControllerResolverInterface',
  182 => 'Symfony\\Component\\HttpKernel\\Controller\\TraceableArgumentResolver',
  183 => 'Symfony\\Component\\HttpKernel\\Controller\\TraceableControllerResolver',
  184 => 'PrestaShop\\Module\\Mbo\\Controller\\Admin\\ModuleCatalogController',
  185 => 'PrestaShop\\Module\\Mbo\\Controller\\Admin\\ModuleRecommendedController',
  186 => 'PrestaShop\\Module\\Mbo\\Controller\\Admin\\ModuleSelectionController',
  187 => 'PrestaShop\\Module\\Mbo\\Controller\\Admin\\ThemeCatalogController',
  188 => 'PrestaShop\\Module\\PsEventbus\\Controller\\AbstractApiController',
  189 => 'PaypalAddons\\classes\\Form\\Controller\\AdminPayPalInstallment\\FormInstallment',
);